Archive member included to satisfy reference by file (symbol)

/opt/devkitpro/libgba/lib/libmm.a(mm_effect.o)
                              main.o (mmEffect)
/opt/devkitpro/libgba/lib/libmm.a(mm_mas_arm.o)
                              /opt/devkitpro/libgba/lib/libmm.a(mm_effect.o) (mmAllocChannel)
/opt/devkitpro/libgba/lib/libmm.a(mm_mixer_gba.o)
                              main.o (mmVBlank)
/opt/devkitpro/libgba/lib/libmm.a(mm_init_default.o)
                              main.o (mmInitDefault)
/opt/devkitpro/libgba/lib/libmm.a(mm_main_gba.o)
                              /opt/devkitpro/libgba/lib/libmm.a(mm_mixer_gba.o) (mm_vblank_function)
/opt/devkitpro/libgba/lib/libmm.a(mm_mas.o)
                              /opt/devkitpro/libgba/lib/libmm.a(mm_main_gba.o) (mmLayerMain)
/opt/devkitpro/libgba/lib/libmm.a(mm_main.o)
                              /opt/devkitpro/libgba/lib/libmm.a(mm_mas.o) (mmCallback)
/opt/devkitpro/libtonc/lib/libtonc.a(tonc_core.o)
                              main.o (sqran)
/opt/devkitpro/libtonc/lib/libtonc.a(tonc_input.o)
                              main.o (key_poll)
/opt/devkitpro/libtonc/lib/libtonc.a(tonc_irq.o)
                              main.o (irq_init)
/opt/devkitpro/libtonc/lib/libtonc.a(tonc_oam.o)
                              main.o (oam_init)
/opt/devkitpro/libtonc/lib/libtonc.a(tonc_obj_affine.o)
                              main.o (obj_aff_rotate)
/opt/devkitpro/libtonc/lib/libtonc.a(tte_init_se.o)
                              main.o (tte_init_se)
/opt/devkitpro/libtonc/lib/libtonc.a(tte_main.o)
                              /opt/devkitpro/libtonc/lib/libtonc.a(tte_init_se.o) (tte_init_base)
/opt/devkitpro/libtonc/lib/libtonc.a(sin_lut.o)
                              main.o (sin_lut)
/opt/devkitpro/libtonc/lib/libtonc.a(tonc_bios_ex.o)
                              /opt/devkitpro/libtonc/lib/libtonc.a(tte_main.o) (VBlankIntrDelay)
/opt/devkitpro/libtonc/lib/libtonc.a(tonc_bios.o)
                              /opt/devkitpro/libtonc/lib/libtonc.a(tonc_input.o) (VBlankIntrWait)
/opt/devkitpro/libtonc/lib/libtonc.a(tonc_isr_master.o)
                              /opt/devkitpro/libtonc/lib/libtonc.a(tonc_irq.o) (isr_master)
/opt/devkitpro/libtonc/lib/libtonc.a(tonc_memcpy.o)
                              main.o (memcpy32)
/opt/devkitpro/libtonc/lib/libtonc.a(tonc_memset.o)
                              /opt/devkitpro/libtonc/lib/libtonc.a(tonc_irq.o) (memset32)
/opt/devkitpro/libtonc/lib/libtonc.a(sys8.o)
                              main.o (sys8Font)
/opt/devkitpro/libtonc/lib/libtonc.a(tonc_surface.o)
                              /opt/devkitpro/libtonc/lib/libtonc.a(tte_init_se.o) (srf_init)
/opt/devkitpro/libtonc/lib/libtonc.a(se_drawg.o)
                              /opt/devkitpro/libtonc/lib/libtonc.a(tte_init_se.o) (se_erase)
/opt/devkitpro/libtonc/lib/libtonc.a(tonc_sbmp16.o)
                              /opt/devkitpro/libtonc/lib/libtonc.a(se_drawg.o) (sbmp16_rect)
/opt/devkitpro/devkitARM/lib/gcc/arm-none-eabi/16.1.0/thumb/libgcc.a(_divsi3.o)
                              main.o (__aeabi_idiv)
/opt/devkitpro/devkitARM/lib/gcc/arm-none-eabi/16.1.0/thumb/libgcc.a(_dvmd_tls.o)
                              /opt/devkitpro/devkitARM/lib/gcc/arm-none-eabi/16.1.0/thumb/libgcc.a(_divsi3.o) (__aeabi_idiv0)
/opt/devkitpro/devkitARM/lib/gcc/arm-none-eabi/16.1.0/thumb/libgcc.a(_call_via_rX.o)
                              /opt/devkitpro/libgba/lib/libmm.a(mm_main_gba.o) (_call_via_r1)
/opt/devkitpro/devkitARM/lib/gcc/arm-none-eabi/16.1.0/thumb/libgcc.a(_sync_none.o)
                              (__sync_synchronize_none)
/opt/devkitpro/devkitARM/lib/gcc/arm-none-eabi/16.1.0/../../../../arm-none-eabi/lib/thumb/libg.a(libc_a-siprintf.o)
                              main.o (siprintf)
/opt/devkitpro/devkitARM/lib/gcc/arm-none-eabi/16.1.0/../../../../arm-none-eabi/lib/thumb/libg.a(libc_a-memset.o)
                              /opt/devkitpro/libtonc/lib/libtonc.a(tte_main.o) (memset)
/opt/devkitpro/devkitARM/lib/gcc/arm-none-eabi/16.1.0/../../../../arm-none-eabi/lib/thumb/libg.a(libc_a-strtol.o)
                              /opt/devkitpro/libtonc/lib/libtonc.a(tte_main.o) (strtol)
/opt/devkitpro/devkitARM/lib/gcc/arm-none-eabi/16.1.0/../../../../arm-none-eabi/lib/thumb/libg.a(libc_a-init.o)
                              /opt/devkitpro/devkitARM/lib/gcc/arm-none-eabi/16.1.0/../../../../arm-none-eabi/lib/thumb/gba_crt0.o (__libc_init_array)
/opt/devkitpro/devkitARM/lib/gcc/arm-none-eabi/16.1.0/../../../../arm-none-eabi/lib/thumb/libg.a(libc_a-malloc.o)
                              /opt/devkitpro/libgba/lib/libmm.a(mm_init_default.o) (malloc)
/opt/devkitpro/devkitARM/lib/gcc/arm-none-eabi/16.1.0/../../../../arm-none-eabi/lib/thumb/libg.a(libc_a-memmove.o)
                              /opt/devkitpro/libtonc/lib/libtonc.a(tonc_irq.o) (memmove)
/opt/devkitpro/devkitARM/lib/gcc/arm-none-eabi/16.1.0/../../../../arm-none-eabi/lib/thumb/libg.a(libc_a-ctype_.o)
[...]
Memory Configuration

Name             Origin             Length             Attributes
rom              0x08000000         0x02000000
iwram            0x03000000         0x00008000
ewram            0x02000000         0x00040000
*default*        0x00000000         0xffffffff

Linker script and memory map

                0x00000000                        __sync_synchronize = __sync_synchronize_none
                0x08000000                        __text_start = ORIGIN (rom)
                0x02040000                        __eheap_end = (ORIGIN (ewram) + LENGTH (ewram))
                0x03000000                        __iwram_start = ORIGIN (iwram)
                0x03008000                        __iwram_top = (ORIGIN (iwram) + LENGTH (iwram))
                0x03007fa0                        __sp_irq = (__iwram_top - 0x60)
                0x03007f00                        __sp_usr = (__sp_irq - 0xa0)
                0x03007ff8                        __irq_flags = 0x3007ff8
                0x08000000                        . = __text_start

.crt0           0x08000000      0x210
 *(.crt0)
 .crt0          0x08000000      0x210 /opt/devkitpro/devkitARM/lib/gcc/arm-none-eabi/16.1.0/../../../../arm-none-eabi/lib/thumb/gba_crt0.o
                0x08000000                _start
                0x080000c4                __boot_method
                0x080000c5                __slave_number
                0x080000e0                start_vector
                0x08000210                        . = ALIGN (0x4)

.init           0x08000210        0xc
 *(SORT_NONE(.init))
 .init          0x08000210        0x4 /opt/devkitpro/devkitARM/lib/gcc/arm-none-eabi/16.1.0/thumb/crti.o
                0x08000210                _init
 .init          0x08000214        0x8 /opt/devkitpro/devkitARM/lib/gcc/arm-none-eabi/16.1.0/thumb/crtn.o

.plt            0x0800021c        0x0
 *(.plt)
                0x0800021c                        . = ALIGN (0x4)

.text           0x08000220     0x9c58
 *(EXCLUDE_FILE(*.iwram*) .text*)
 .text.__do_global_dtors_aux
                0x08000220       0x2c /opt/devkitpro/devkitARM/lib/gcc/arm-none-eabi/16.1.0/thumb/crtbegin.o
 .text.frame_dummy
                0x0800024c       0x24 /opt/devkitpro/devkitARM/lib/gcc/arm-none-eabi/16.1.0/thumb/crtbegin.o
 .text          0x08000270      0xbf8 main.o
                0x080002f8                init_save_data
                0x08000370                check_collision
                0x080003ac                shake_screen
                0x080003c8                tte_write_int
                0x080003e4                hit_stop
                0x08000414                hide_hud_sprites
                0x08000474                draw_game_over_screen
                0x08000598                toggle_pause_menu
                0x0800073c                draw_title_menu
                0x08000794                draw_title_screen
                0x08000874                update_hearts
                0x080009ac                draw_upgrade_menu
                0x08000b3c                spawn_enemy
                0x08000bb8                reset_game
                0x08000dfc                play_random_sfx
 .text.startup  0x08000e68     0x1bd4 main.o
                0x08000e68                main
 .text          0x08002a3c      0x314 /opt/devkitpro/libgba/lib/libmm.a(mm_effect.o)
                0x08002a3c                mmResetEffects
                0x08002a68                mmEffect
                0x08002a7e                mmEffectEx
                0x08002b7e                mmEffectActive
                0x08002bb2                mmEffectVolume
                0x08002bce                mmEffectPanning
                0x08002be2                mmEffectRate
                0x08002bf6                mmEffectCancel
                0x08002c30                mmEffectRelease
                0x08002c56                mmEffectScaleRate
                0x08002c6a                mmSetEffectsVolume
                0x08002c78                mmEffectCancelAll
                0x08002cb8                mmUpdateEffects
 .text          0x08002d50      0x1e0 /opt/devkitpro/libgba/lib/libmm.a(mm_mixer_gba.o)
                0x08002d50                mmMixerSetSource
                0x08002d64                mmMixerSetRead
                0x08002d72                mmMixerSetFreq
                0x08002d82                mmMixerMulFreq
                0x08002d96                mmMixerStopChannel
                0x08002da8                mmMixerChannelActive
                0x08002dba                mmMixerSetVolume
                0x08002dc8                mmMixerSetPan
                0x08002dd6                mmMixerInit
 .text          0x08002f30       0x44 /opt/devkitpro/libgba/lib/libmm.a(mm_init_default.o)
                0x08002f30                mmInitDefault
 .text          0x08002f74      0x12c /opt/devkitpro/libgba/lib/libmm.a(mm_main_gba.o)
                0x08002f74                mmInit
                0x08002fc8                mmSetVBlankHandler
                0x08002fce                mmFrame
 .text          0x080030a0     0x1570 /opt/devkitpro/libgba/lib/libmm.a(mm_mas.o)
                0x08003114                mmStart
                0x08003134                mmJingle
                0x0800313a                mmPlayModule
                0x08003204                mmPause
                0x08003220                mmResume
                0x08003230                mmActive
                0x08003236                mmActiveSub
                0x0800323c                mmSetModuleVolume
                0x0800324c                mmSetJingleVolume
                0x08003288                mmGetPositionTick
                0x0800328e                mmGetPositionRow
                0x08003294                mmGetPosition
                0x0800329a                mmPosition
                0x080032b4                mmSetModuleTempo
                0x080032e6                mmSetModulePitch
                0x08003328                mmStop
                0x080033ee                mppUpdateSub
                0x0800354a                mpp_Process_VolumeCommand
                0x08003782                mpp_Process_Effect
                0x08003ed0                ST3_FREQTABLE
                0x080042f0                IT_PitchTable
 .text          0x08004610       0x14 /opt/devkitpro/libgba/lib/libmm.a(mm_main.o)
                0x08004610                mpp_call_r7
                0x08004612                mpp_call_r1
                0x08004614                mpp_call_r2
                0x08004616                mpp_call_r3
                0x08004618                mmSetEventHandler
 .text          0x08004624      0x20c /opt/devkitpro/libtonc/lib/libtonc.a(tonc_core.o)
                0x08004624                tonccpy
                0x08004708                __toncset
                0x080047ac                sqran
                0x080047bc                octant
                0x080047dc                octant_rot
 .text          0x08004830       0xac /opt/devkitpro/libtonc/lib/libtonc.a(tonc_input.o)
                0x08004830                key_poll
                0x08004888                key_wait_till_hit
                0x080048ac                key_repeat
                0x080048b8                key_repeat_mask
                0x080048c8                key_repeat_limits
 .text          0x080048dc      0x34c /opt/devkitpro/libtonc/lib/libtonc.a(tonc_irq.o)
                0x080048dc                irq_init
                0x08004920                irq_set_master
                0x0800494c                irq_set
                0x08004a60                irq_add
                0x08004ad4                irq_delete
                0x08004b7c                irq_enable
                0x08004bd0                irq_disable
 .text          0x08004c28       0xc0 /opt/devkitpro/libtonc/lib/libtonc.a(tonc_oam.o)
                0x08004c28                oam_init
                0x08004c74                obj_copy
                0x08004c94                obj_hide_multi
                0x08004cbc                obj_unhide_multi
 .text          0x08004ce8      0x2d8 /opt/devkitpro/libtonc/lib/libtonc.a(tonc_obj_affine.o)
                0x08004ce8                obj_aff_copy
                0x08004d18                obj_aff_rotate
                0x08004d44                obj_aff_rotscale
                0x08004d88                obj_aff_premul
                0x08004df0                obj_aff_postmul
                0x08004e5c                obj_aff_rotscale2
                0x08004eac                obj_rotscale_ex
 .text          0x08004fc0      0x160 /opt/devkitpro/libtonc/lib/libtonc.a(tte_init_se.o)
                0x08004fc0                tte_init_se
 .text          0x08005120      0x984 /opt/devkitpro/libtonc/lib/libtonc.a(tte_main.o)
                0x08005120                dummy_drawg
                0x08005124                dummy_erase
                0x08005128                tte_set_context
                0x08005140                tte_set_color_attr
                0x08005150                tte_set_color_attrs
                0x0800516c                tte_set_color
                0x0800518c                tte_set_colors
                0x080051dc                tte_init_base
                0x0800526c                utf8_decode_char
                0x08005324                tte_cmd_skip
                0x08005334                tte_cmd_next
                0x08005368                tte_putc
                0x080053b8                tte_erase_rect
                0x080053d4                tte_erase_screen
                0x080053f8                tte_erase_line
                0x08005420                tte_cmd_default
                0x080058ac                tte_write
                0x0800598c                tte_write_ex
                0x080059bc                tte_get_text_size
                0x08005a84                tte_set_margins
 .text          0x08005aa4       0x54 /opt/devkitpro/libtonc/lib/libtonc.a(tonc_bios_ex.o)
                0x08005aa4                VBlankIntrDelay
                0x08005ab4                DivSafe
                0x08005ac8                Mod
                0x08005ad0                DivAbs
                0x08005ad8                DivArmMod
                0x08005ae0                DivArmAbs
                0x08005ae8                CpuFastFill
 .text          0x08005af8       0x8c /opt/devkitpro/libtonc/lib/libtonc.a(tonc_bios.o)
                0x08005af8                SoftReset
                0x08005afc                RegisterRamReset
                0x08005b00                Halt
                0x08005b04                Stop
                0x08005b08                IntrWait
                0x08005b0c                VBlankIntrWait
                0x08005b10                Div
                0x08005b14                DivArm
                0x08005b18                Sqrt
                0x08005b1c                ArcTan
                0x08005b20                ArcTan2
                0x08005b24                CpuSet
                0x08005b28                CpuFastSet
                0x08005b2c                BiosCheckSum
                0x08005b30                BgAffineSet
                0x08005b34                ObjAffineSet
                0x08005b38                BitUnPack
                0x08005b3c                LZ77UnCompWram
                0x08005b40                LZ77UnCompVram
                0x08005b44                HuffUnComp
                0x08005b48                RLUnCompWram
                0x08005b4c                RLUnCompVram
                0x08005b50                Diff8bitUnFilterWram
                0x08005b54                Diff8bitUnFilterVram
                0x08005b58                Diff16bitUnFilter
                0x08005b5c                SoundBias
                0x08005b60                SoundDriverInit
                0x08005b64                SoundDriverMode
                0x08005b68                SoundDriverMain
                0x08005b6c                SoundDriverVSync
                0x08005b70                SoundChannelClear
                0x08005b74                MidiKey2Freq
                0x08005b78                MultiBoot
                0x08005b7c                SoundDriverVSyncOff
                0x08005b80                SoundDriverVSyncOn
 .text          0x08005b84       0x44 /opt/devkitpro/libtonc/lib/libtonc.a(tonc_memcpy.o)
                0x08005b84                memcpy16
 .text          0x08005bc8       0x3c /opt/devkitpro/libtonc/lib/libtonc.a(tonc_memset.o)
                0x08005bc8                memset16
 .text          0x08005c04      0x154 /opt/devkitpro/libtonc/lib/libtonc.a(tonc_surface.o)
                0x08005c04                srf_init
                0x08005cc4                srf_pal_copy
                0x08005cf0                srf_get_ptr
 .text          0x08005d58      0x170 /opt/devkitpro/libtonc/lib/libtonc.a(se_drawg.o)
                0x08005d58                se_erase
                0x08005d84                se_drawg_w8h8
                0x08005db0                se_drawg_w8h16
                0x08005df0                se_drawg
                0x08005e5c                se_drawg_s
 .text          0x08005ec8      0x538 /opt/devkitpro/libtonc/lib/libtonc.a(tonc_sbmp16.o)
                0x08005ec8                sbmp16_get_pixel
                0x08005ed8                sbmp16_plot
                0x08005eec                sbmp16_vline
                0x08005f2c                sbmp16_line
                0x08006020                sbmp16_hline
                0x08006050                sbmp16_blit
                0x080061b8                sbmp16_frame
                0x0800624c                sbmp16_rect
                0x080062b8                sbmp16_floodfill_internal
                0x080063d0                sbmp16_floodfill
 .text          0x08006400      0x150 /opt/devkitpro/devkitARM/lib/gcc/arm-none-eabi/16.1.0/thumb/libgcc.a(_divsi3.o)
                0x08006400                __aeabi_idiv
                0x08006400                __divsi3
                0x08006530                __aeabi_idivmod
 .text          0x08006550        0x4 /opt/devkitpro/devkitARM/lib/gcc/arm-none-eabi/16.1.0/thumb/libgcc.a(_dvmd_tls.o)
                0x08006550                __aeabi_ldiv0
                0x08006550                __aeabi_idiv0
 .text          0x08006554       0x3c /opt/devkitpro/devkitARM/lib/gcc/arm-none-eabi/16.1.0/thumb/libgcc.a(_call_via_rX.o)
                0x08006554                _call_via_r0
                0x08006558                _call_via_r1
                0x0800655c                _call_via_r2
                0x08006560                _call_via_r3
                0x08006564                _call_via_r4
                0x08006568                _call_via_r5
                0x0800656c                _call_via_r6
                0x08006570                _call_via_r7
                0x08006574                _call_via_r8
                0x08006578                _call_via_r9
                0x0800657c                _call_via_sl
                0x08006580                _call_via_fp
                0x08006584                _call_via_ip
                0x08006588                _call_via_sp
                0x0800658c                _call_via_lr
 .text.siprintf
                0x08006590       0x44 /opt/devkitpro/devkitARM/lib/gcc/arm-none-eabi/16.1.0/../../../../arm-none-eabi/lib/thumb/libg.a(libc_a-siprintf.o)
                0x08006590                siprintf
 .text.memset   0x080065d4       0x8c /opt/devkitpro/devkitARM/lib/gcc/arm-none-eabi/16.1.0/../../../../arm-none-eabi/lib/thumb/libg.a(libc_a-memset.o)
                0x080065d4                memset
 .text._strtol_l.part.0
                0x08006660      0x25c /opt/devkitpro/devkitARM/lib/gcc/arm-none-eabi/16.1.0/../../../../arm-none-eabi/lib/thumb/libg.a(libc_a-strtol.o)
 .text.strtol   0x080068bc       0x38 /opt/devkitpro/devkitARM/lib/gcc/arm-none-eabi/16.1.0/../../../../arm-none-eabi/lib/thumb/libg.a(libc_a-strtol.o)
                0x080068bc                strtol
 .text.__libc_init_array
                0x080068f4       0x54 /opt/devkitpro/devkitARM/lib/gcc/arm-none-eabi/16.1.0/../../../../arm-none-eabi/lib/thumb/libg.a(libc_a-init.o)
                0x080068f4                __libc_init_array
 .text.malloc   0x08006948       0x28 /opt/devkitpro/devkitARM/lib/gcc/arm-none-eabi/16.1.0/../../../../arm-none-eabi/lib/thumb/libg.a(libc_a-malloc.o)
                0x08006948                malloc
 .text.memmove  0x08006970      0x108 /opt/devkitpro/devkitARM/lib/gcc/arm-none-eabi/16.1.0/../../../../arm-none-eabi/lib/thumb/libg.a(libc_a-memmove.o)
                0x08006970                memmove
 .text.get_arg  0x08006a78      0x404 /opt/devkitpro/devkitARM/lib/gcc/arm-none-eabi/16.1.0/../../../../arm-none-eabi/lib/thumb/libg.a(libc_a-svfiprintf.o)
 .text._svfiprintf_r
                0x08006e7c     0x16a4 /opt/devkitpro/devkitARM/lib/gcc/arm-none-eabi/16.1.0/../../../../arm-none-eabi/lib/thumb/libg.a(libc_a-svfiprintf.o)
                0x08006e7c                _svfiprintf_r
 .text.__ssprint_r
                0x08008520       0x60 /opt/devkitpro/devkitARM/lib/gcc/arm-none-eabi/16.1.0/../../../../arm-none-eabi/lib/thumb/libg.a(libc_a-ssprint_r.o)
                0x08008520                __ssprint_r
 .text.strlen   0x08008580       0x60 /opt/devkitpro/devkitARM/lib/gcc/arm-none-eabi/16.1.0/../../../../arm-none-eabi/lib/thumb/libg.a(libc_a-strlen-stub.o)
                0x08008580                strlen
 .text._memalign_r
                0x080085e0      0x118 /opt/devkitpro/devkitARM/lib/gcc/arm-none-eabi/16.1.0/../../../../arm-none-eabi/lib/thumb/libg.a(libc_a-malignr.o)
                0x080085e0                _memalign_r
 .text.__errno  0x080086f8        0xc /opt/devkitpro/devkitARM/lib/gcc/arm-none-eabi/16.1.0/../../../../arm-none-eabi/lib/thumb/libg.a(libc_a-errno.o)
                0x080086f8                __errno
 .text.__locale_mb_cur_max
                0x08008704       0x20 /opt/devkitpro/devkitARM/lib/gcc/arm-none-eabi/16.1.0/../../../../arm-none-eabi/lib/thumb/libg.a(libc_a-locale.o)
                0x08008704                __locale_mb_cur_max
 .text._malloc_r
                0x08008724      0x550 /opt/devkitpro/devkitARM/lib/gcc/arm-none-eabi/16.1.0/../../../../arm-none-eabi/lib/thumb/libg.a(libc_a-mallocr.o)
                0x08008724                _malloc_r
 .text._malloc_trim_r
                0x08008c74       0xac /opt/devkitpro/devkitARM/lib/gcc/arm-none-eabi/16.1.0/../../../../arm-none-eabi/lib/thumb/libg.a(libc_a-freer.o)
                0x08008c74                _malloc_trim_r
 .text._free_r  0x08008d20      0x1d8 /opt/devkitpro/devkitARM/lib/gcc/arm-none-eabi/16.1.0/../../../../arm-none-eabi/lib/thumb/libg.a(libc_a-freer.o)
                0x08008d20                _free_r
 .text.strncpy  0x08008ef8       0x68 /opt/devkitpro/devkitARM/lib/gcc/arm-none-eabi/16.1.0/../../../../arm-none-eabi/lib/thumb/libg.a(libc_a-strncpy.o)
                0x08008ef8                strncpy
 .text.memchr   0x08008f60       0x74 /opt/devkitpro/devkitARM/lib/gcc/arm-none-eabi/16.1.0/../../../../arm-none-eabi/lib/thumb/libg.a(libc_a-memchr-stub.o)
                0x08008f60                memchr
 .text._wcsrtombs_r
                0x08008fd4       0x20 /opt/devkitpro/devkitARM/lib/gcc/arm-none-eabi/16.1.0/../../../../arm-none-eabi/lib/thumb/libg.a(libc_a-wcsrtombs.o)
                0x08008fd4                _wcsrtombs_r
 .text._localeconv_r
                0x08008ff4       0x20 /opt/devkitpro/devkitARM/lib/gcc/arm-none-eabi/16.1.0/../../../../arm-none-eabi/lib/thumb/libg.a(libc_a-localeconv.o)
                0x08008ff4                _localeconv_r
 .text.__malloc_lock
                0x08009014       0x14 /opt/devkitpro/devkitARM/lib/gcc/arm-none-eabi/16.1.0/../../../../arm-none-eabi/lib/thumb/libg.a(libc_a-mlock.o)
                0x08009014                __malloc_lock
 .text.__malloc_unlock
                0x08009028       0x14 /opt/devkitpro/devkitARM/lib/gcc/arm-none-eabi/16.1.0/../../../../arm-none-eabi/lib/thumb/libg.a(libc_a-mlock.o)
                0x08009028                __malloc_unlock
 .text.__ssputs_r
                0x0800903c       0xd4 /opt/devkitpro/devkitARM/lib/gcc/arm-none-eabi/16.1.0/../../../../arm-none-eabi/lib/thumb/libg.a(libc_a-ssputs_r.o)
                0x0800903c                __ssputs_r
 .text.__utf8_wctomb
                0x08009110       0xbc /opt/devkitpro/devkitARM/lib/gcc/arm-none-eabi/16.1.0/../../../../arm-none-eabi/lib/thumb/libg.a(libc_a-wctomb_r.o)
                0x08009110                __utf8_wctomb
 .text._wcsnrtombs_l
                0x080091cc      0x120 /opt/devkitpro/devkitARM/lib/gcc/arm-none-eabi/16.1.0/../../../../arm-none-eabi/lib/thumb/libg.a(libc_a-wcsnrtombs.o)
                0x080091cc                _wcsnrtombs_l
 .text._wcsnrtombs_r
                0x080092ec       0x40 /opt/devkitpro/devkitARM/lib/gcc/arm-none-eabi/16.1.0/../../../../arm-none-eabi/lib/thumb/libg.a(libc_a-wcsnrtombs.o)
                0x080092ec                _wcsnrtombs_r
 .text.memcpy   0x0800932c       0xac /opt/devkitpro/devkitARM/lib/gcc/arm-none-eabi/16.1.0/../../../../arm-none-eabi/lib/thumb/libg.a(libc_a-memcpy-stub.o)
                0x0800932c                memcpy
 .text._wcrtomb_r
                0x080093d8       0x88 /opt/devkitpro/devkitARM/lib/gcc/arm-none-eabi/16.1.0/../../../../arm-none-eabi/lib/thumb/libg.a(libc_a-wcrtomb.o)
                0x080093d8                _wcrtomb_r
 .text.__utf8_mbtowc
                0x08009460      0x24c /opt/devkitpro/devkitARM/lib/gcc/arm-none-eabi/16.1.0/../../../../arm-none-eabi/lib/thumb/libg.a(libc_a-mbtowc_r.o)
                0x08009460                __utf8_mbtowc
 .text._realloc_r
                0x080096ac      0x344 /opt/devkitpro/devkitARM/lib/gcc/arm-none-eabi/16.1.0/../../../../arm-none-eabi/lib/thumb/libg.a(libc_a-reallocr.o)
                0x080096ac                _realloc_r
 .text.__getreent
                0x080099f0       0x20 /opt/devkitpro/devkitARM/lib/gcc/arm-none-eabi/16.1.0/../../../../arm-none-eabi/lib/thumb/libsysbase.a(libsysbase_libsysbase_a-getreent.o)
                0x080099f0                __getreent
 .text._sbrk_r  0x08009a10       0x50 /opt/devkitpro/devkitARM/lib/gcc/arm-none-eabi/16.1.0/../../../../arm-none-eabi/lib/thumb/libsysbase.a(libsysbase_libsysbase_a-sbrk.o)
                0x08009a10                _sbrk_r
 .text.__libc_lock_acquire_recursive
                0x08009a60       0x18 /opt/devkitpro/devkitARM/lib/gcc/arm-none-eabi/16.1.0/../../../../arm-none-eabi/lib/thumb/libsysbase.a(libsysbase_libsysbase_a-syscall_support.o)
                0x08009a60                __libc_lock_acquire_recursive
 .text.__libc_lock_release_recursive
                0x08009a78       0x18 /opt/devkitpro/devkitARM/lib/gcc/arm-none-eabi/16.1.0/../../../../arm-none-eabi/lib/thumb/libsysbase.a(libsysbase_libsysbase_a-syscall_support.o)
                0x08009a78                __libc_lock_release_recursive
 .text          0x08009a90       0x14 /opt/devkitpro/devkitARM/lib/gcc/arm-none-eabi/16.1.0/thumb/libgcc.a(_thumb1_case_uqi.o)
                0x08009a90                __gnu_thumb1_case_uqi
 .text          0x08009aa4       0x14 /opt/devkitpro/devkitARM/lib/gcc/arm-none-eabi/16.1.0/thumb/libgcc.a(_thumb1_case_uhi.o)
                0x08009aa4                __gnu_thumb1_case_uhi
 .text          0x08009ab8      0x11c /opt/devkitpro/devkitARM/lib/gcc/arm-none-eabi/16.1.0/thumb/libgcc.a(_udivsi3.o)
                0x08009ab8                __udivsi3
                0x08009ab8                __aeabi_uidiv
                0x08009bb4                __aeabi_uidivmod
 .text          0x08009bd4       0x3c /opt/devkitpro/devkitARM/lib/gcc/arm-none-eabi/16.1.0/thumb/libgcc.a(_aeabi_uldivmod.o)
                0x08009bd4                __aeabi_uldivmod
 .text.__udivmoddi4
                0x08009c10      0x194 /opt/devkitpro/devkitARM/lib/gcc/arm-none-eabi/16.1.0/thumb/libgcc.a(_udivmoddi4.o)
                0x08009c10                __udivmoddi4
 .text          0x08009da4       0x28 /opt/devkitpro/devkitARM/lib/gcc/arm-none-eabi/16.1.0/thumb/libgcc.a(_clzdi2.o)
                0x08009da4                __clzdi2
 .text          0x08009dcc       0x48 /opt/devkitpro/devkitARM/lib/gcc/arm-none-eabi/16.1.0/thumb/libgcc.a(_clzsi2.o)
                0x08009dcc                __clzsi2
 *fill*         0x08009e14        0x4 ff
 .text.__stub   0x08009e18       0x54 linker stubs
 *(.gnu.linkonce.t.*)
 *(.text.*personality*)
 *(.gnu.warning)
 *(.glue_7t)
 .glue_7t       0x08009e6c        0x0 linker stubs
 *(.glue_7)
 .glue_7        0x08009e6c        0x0 linker stubs
 *(.vfp11_veneer)
 .vfp11_veneer  0x08009e6c        0x0 linker stubs
                0x08009e6c                        . = ALIGN (0x4)
                0x08009e78                        __text_end = .

.v4_bx          0x08009e78        0x0
 .v4_bx         0x08009e78        0x0 linker stubs

.iplt           0x08009e78        0x0
 .iplt          0x08009e78        0x0 /opt/devkitpro/devkitARM/lib/gcc/arm-none-eabi/16.1.0/../../../../arm-none-eabi/lib/thumb/gba_crt0.o

.fini           0x08009e78        0xc
 *(.fini)
 .fini          0x08009e78        0x4 /opt/devkitpro/devkitARM/lib/gcc/arm-none-eabi/16.1.0/thumb/crti.o
                0x08009e78                _fini
 .fini          0x08009e7c        0x8 /opt/devkitpro/devkitARM/lib/gcc/arm-none-eabi/16.1.0/thumb/crtn.o
                0x08009e84                        . = ALIGN (0x4)

.rodata         0x08009e84    0x42080
 *(.rodata)
 .rodata        0x08009e84      0x248 main.o
                0x08009ed4                sfx_thud
                0x08009ed8                sfx_shoot
                0x08009ee0                sfx_hit
                0x08009ee8                max_cooldown
                0x08009eec                upgrade_defs
 .rodata        0x0800a0cc      0xe20 bg_floor.o
                0x0800a0cc                bg_floorTiles
                0x0800a4ec                bg_floorMap
                0x0800acec                bg_floorPal
 .rodata        0x0800aeec     0x1100 bg_upgrade.o
                0x0800aeec                bg_upgradeTiles
                0x0800b5ec                bg_upgradeMap
                0x0800bdec                bg_upgradePal
 .rodata        0x0800bfec      0x220 bullet.o
                0x0800bfec                bulletTiles
                0x0800c00c                bulletPal
 .rodata        0x0800c20c      0x280 enemy_charger.o
                0x0800c20c                enemy_chargerTiles
                0x0800c28c                enemy_chargerPal
 .rodata        0x0800c48c      0x280 enemy_dino.o
                0x0800c48c                enemy_dinoTiles
                0x0800c50c                enemy_dinoPal
 .rodata        0x0800c70c      0x300 enemy_egg.o
                0x0800c70c                enemy_eggTiles
                0x0800c80c                enemy_eggPal
 .rodata        0x0800ca0c      0x280 enemy_green.o
                0x0800ca0c                enemy_greenTiles
                0x0800ca8c                enemy_greenPal
 .rodata        0x0800cc8c      0x340 font.o
                0x0800cc8c                fontTiles
                0x0800cdcc                fontPal
 .rodata        0x0800cfcc      0xa00 game_over.o
                0x0800cfcc                game_overTiles
                0x0800d7cc                game_overPal
 .rodata        0x0800d9cc      0x2c0 hud.o
                0x0800d9cc                hudTiles
                0x0800da8c                hudPal
 .rodata        0x0800dc8c      0x280 player.o
                0x0800dc8c                playerTiles
                0x0800dd0c                playerPal
 .rodata        0x0800df0c      0x220 reticle.o
                0x0800df0c                reticleTiles
                0x0800df2c                reticlePal
 .rodata        0x0800e12c     0x1200 title_banner.o
                0x0800e12c                title_bannerTiles
                0x0800f12c                title_bannerPal
 .rodata        0x0800f32c       0x58 /opt/devkitpro/libtonc/lib/libtonc.a(tonc_core.o)
                0x0800f32c                __snd_rates
                0x0800f35c                bg_aff_default
                0x0800f36c                oam_sizes
 .rodata        0x0800f384       0x38 /opt/devkitpro/libtonc/lib/libtonc.a(tonc_irq.o)
 .rodata        0x0800f3bc      0x150 /opt/devkitpro/libtonc/lib/libtonc.a(tte_main.o)
 .rodata        0x0800f50c      0x404 /opt/devkitpro/libtonc/lib/libtonc.a(sin_lut.o)
                0x0800f50c                sin_lut
 .rodata        0x0800f910      0x318 /opt/devkitpro/libtonc/lib/libtonc.a(sys8.o)
                0x0800f910                sys8Font
                0x0800f928                sys8Glyphs
 .rodata        0x0800fc28       0x1c /opt/devkitpro/libtonc/lib/libtonc.a(tonc_surface.o)
 *all.rodata*(*)
 *(.roda)
 *(.rodata.*)
 .rodata.soundbank_bin
                0x0800fc44    0x3b7b8 soundbank.bin.o
                0x0800fc44                soundbank_bin
                0x0804b3fc                soundbank_bin_end
 .rodata.str1.4
                0x0804b3fc      0x7e4 main.o
                                0x79a (size before relaxing)
 .rodata._ctype_
                0x0804bbe0      0x101 /opt/devkitpro/devkitARM/lib/gcc/arm-none-eabi/16.1.0/../../../../arm-none-eabi/lib/thumb/libg.a(libc_a-ctype_.o)
                0x0804bbe0                _ctype_
 .rodata._svfiprintf_r.str1.1
                0x0804bce1       0x29 /opt/devkitpro/devkitARM/lib/gcc/arm-none-eabi/16.1.0/../../../../arm-none-eabi/lib/thumb/libg.a(libc_a-svfiprintf.o)
 *fill*         0x0804bd0a        0x2 ff
 .rodata.zeroes.0
                0x0804bd0c       0x10 /opt/devkitpro/devkitARM/lib/gcc/arm-none-eabi/16.1.0/../../../../arm-none-eabi/lib/thumb/libg.a(libc_a-svfiprintf.o)
 .rodata.blanks.1
                0x0804bd1c       0x10 /opt/devkitpro/devkitARM/lib/gcc/arm-none-eabi/16.1.0/../../../../arm-none-eabi/lib/thumb/libg.a(libc_a-svfiprintf.o)
 .rodata.__action_table
                0x0804bd2c       0x6c /opt/devkitpro/devkitARM/lib/gcc/arm-none-eabi/16.1.0/../../../../arm-none-eabi/lib/thumb/libg.a(libc_a-svfiprintf.o)
                0x0804bd2c                __action_table
 .rodata.__state_table
                0x0804bd98       0x6c /opt/devkitpro/devkitARM/lib/gcc/arm-none-eabi/16.1.0/../../../../arm-none-eabi/lib/thumb/libg.a(libc_a-svfiprintf.o)
                0x0804bd98                __state_table
 .rodata.__chclass
                0x0804be04      0x100 /opt/devkitpro/devkitARM/lib/gcc/arm-none-eabi/16.1.0/../../../../arm-none-eabi/lib/thumb/libg.a(libc_a-svfiprintf.o)
                0x0804be04                __chclass
 .rodata.str1.4
                0x0804bf04        0x0 /opt/devkitpro/devkitARM/lib/gcc/arm-none-eabi/16.1.0/../../../../arm-none-eabi/lib/thumb/libg.a(libc_a-locale.o)
                                 0x4c (size before relaxing)
 *(.gnu.linkonce.r*)
                0x0804bf04                        . = ALIGN (0x4)

.ARM.extab
 *(.ARM.extab* .gnu.linkonce.armextab.*)
                0x0804bf04                        __exidx_start = .

.ARM.exidx
 *(.ARM.exidx* .gnu.linkonce.armexidx.*)
                0x0804bf04                        __exidx_end = .

.ctors          0x0804bf04        0x0
 *crtbegin.o(.ctors)
 *(EXCLUDE_FILE(*crtend.o) .ctors)
 *(SORT_BY_NAME(.ctors.*))
 *(.ctors)
                0x0804bf04                        . = ALIGN (0x4)

.dtors          0x0804bf04        0x0
 *crtbegin.o(.dtors)
 *(EXCLUDE_FILE(*crtend.o) .dtors)
 *(SORT_BY_NAME(.dtors.*))
 *(.dtors)
                0x0804bf04                        . = ALIGN (0x4)

.eh_frame       0x0804bf04        0x4
 *(.eh_frame)
 .eh_frame      0x0804bf04        0x0 /opt/devkitpro/devkitARM/lib/gcc/arm-none-eabi/16.1.0/thumb/crtbegin.o
 .eh_frame      0x0804bf04        0x4 /opt/devkitpro/devkitARM/lib/gcc/arm-none-eabi/16.1.0/thumb/crtend.o
                0x0804bf08                        . = ALIGN (0x4)

.gcc_except_table
                0x0804bf08        0x0
 *(.gcc_except_table)
                0x0804bf08                        . = ALIGN (0x4)
                0x0804bf08                        __iwram_lma = .

.iwram          0x03000000     0x1504 load address 0x0804bf08
                0x03000000                        __iwram_start__ = ABSOLUTE (.)
 *(.iwram .iwram*)
 .iwram         0x03000000      0x648 /opt/devkitpro/libgba/lib/libmm.a(mm_mas_arm.o)
                0x03000000                mmAllocChannel
                0x03000074                mmReadPattern
                0x03000160                mmUpdateChannel_T0
                0x030003a0                mmUpdateChannel_TN
                0x03000540                mmGetPeriod
                0x03000584                note_table_oct
                0x030005a2                note_table_mod
 .iwram         0x03000648      0x838 /opt/devkitpro/libgba/lib/libmm.a(mm_mixer_gba.o)
                0x0300064c                mmVBlank
                0x030006d0                mmMixerMix
 .iwram         0x03000e80        0x8 /opt/devkitpro/libgba/lib/libmm.a(mm_main_gba.o)
                0x03000e80                mpp_call_r7i
                0x03000e82                mpp_call_r2i
                0x03000e84                mpp_call_r1i
 .iwram         0x03000e88      0x554 /opt/devkitpro/libgba/lib/libmm.a(mm_mas.o)
                0x03000e88                mppProcessTick
                0x03000f6c                mpp_Channel_NewNote
                0x0300104c                mpp_Update_ACHN_notest
 .iwram         0x030013dc       0xa4 /opt/devkitpro/libtonc/lib/libtonc.a(tonc_isr_master.o)
                0x030013dc                isr_master
 .iwram         0x03001480       0x38 /opt/devkitpro/libtonc/lib/libtonc.a(tonc_memcpy.o)
                0x03001480                memcpy32
 .iwram         0x030014b8       0x4c /opt/devkitpro/libtonc/lib/libtonc.a(tonc_memset.o)
                0x030014b8                memset32
 *iwram.*(.text* .data*)
                0x03001504                        . = ALIGN (0x4)
                0x03001504                        __iwram_end__ = ABSOLUTE (.)
                0x0804d40c                        __data_lma = (__iwram_lma + SIZEOF (.iwram))

.bss            0x03001504     0x11f4
                0x03001504                        __bss_start = ABSOLUTE (.)
                0x03001504                        __bss_start__ = ABSOLUTE (.)
 *(.dynbss)
 *(.gnu.linkonce.b*)
 *(.bss*)
 .bss.completed.1
                0x03001504        0x1 /opt/devkitpro/devkitARM/lib/gcc/arm-none-eabi/16.1.0/thumb/crtbegin.o
 *fill*         0x03001505        0x3 
 .bss.object.0  0x03001508       0x18 /opt/devkitpro/devkitARM/lib/gcc/arm-none-eabi/16.1.0/thumb/crtbegin.o
 .bss           0x03001520      0x7f8 main.o
                0x03001528                best_normal
                0x0300152c                best_hardcore
                0x03001530                current_mode
                0x03001534                current_state
                0x03001535                paused_state
                0x03001538                player
                0x0300157c                taken_upgrades
                0x03001590                beat_timer
                0x03001594                beat_state
                0x03001598                enemy_pool
                0x030019b8                bullet_pool
 .bss           0x03001d18       0x2d /opt/devkitpro/libgba/lib/libmm.a(mm_effect.o)
                0x03001d3c                mm_sfx_bitmask
                0x03001d40                mm_sfx_clearmask
 *fill*         0x03001d45        0x3 
 .bss           0x03001d48      0x1bc /opt/devkitpro/libgba/lib/libmm.a(mm_mixer_gba.o)
                0x03001d48                mp_writepos
                0x03001d50                mm_mixchannels
                0x03001d58                mm_mixlen
                0x03001d6c                mm_bpmdv
                0x03001d70                mp_mix_seg
 .bss           0x03001f04      0x420 /opt/devkitpro/libgba/lib/libmm.a(mm_init_default.o)
 .bss           0x03002324        0x8 /opt/devkitpro/libgba/lib/libmm.a(mm_main_gba.o)
                0x03002324                mm_vblank_function
                0x03002328                mp_solution
 .bss           0x0300232c      0x148 /opt/devkitpro/libgba/lib/libmm.a(mm_mas.o)
                0x0300232c                mmLayerMain
                0x03002364                mmLayerSub
                0x0300239c                mpp_vars
                0x030023ac                mpp_layerp
                0x030023b0                mpp_channels
                0x030023c0                mpp_nchannels
                0x030023c1                mpp_clayer
                0x030023c4                mm_achannels
                0x030023c8                mm_pchannels
                0x030023cc                mm_num_mch
                0x030023d0                mm_num_ach
                0x030023d4                mm_schannels
 .bss           0x03002474        0x8 /opt/devkitpro/libgba/lib/libmm.a(mm_main.o)
                0x03002474                mmCallback
                0x03002478                mm_ch_mask
 .bss           0x0300247c        0x4 /opt/devkitpro/libtonc/lib/libtonc.a(tonc_input.o)
                0x0300247c                __key_curr
                0x0300247e                __key_prev
 .bss           0x03002480       0x78 /opt/devkitpro/libtonc/lib/libtonc.a(tonc_irq.o)
                0x03002480                __isr_table
 .bss           0x030024f8       0x48 /opt/devkitpro/libtonc/lib/libtonc.a(tte_main.o)
                0x030024f8                __tte_main_context
 .bss.__malloc_current_mallinfo
                0x03002540       0x28 /opt/devkitpro/devkitARM/lib/gcc/arm-none-eabi/16.1.0/../../../../arm-none-eabi/lib/thumb/libg.a(libc_a-mallocr.o)
                0x03002540                __malloc_current_mallinfo
 .bss.__malloc_max_total_mem
                0x03002568        0x4 /opt/devkitpro/devkitARM/lib/gcc/arm-none-eabi/16.1.0/../../../../arm-none-eabi/lib/thumb/libg.a(libc_a-mallocr.o)
                0x03002568                __malloc_max_total_mem
 .bss.__malloc_max_sbrked_mem
                0x0300256c        0x4 /opt/devkitpro/devkitARM/lib/gcc/arm-none-eabi/16.1.0/../../../../arm-none-eabi/lib/thumb/libg.a(libc_a-mallocr.o)
                0x0300256c                __malloc_max_sbrked_mem
 .bss.__malloc_top_pad
                0x03002570        0x4 /opt/devkitpro/devkitARM/lib/gcc/arm-none-eabi/16.1.0/../../../../arm-none-eabi/lib/thumb/libg.a(libc_a-mallocr.o)
                0x03002570                __malloc_top_pad
 .bss.__malloc_recursive_mutex
                0x03002574        0xc /opt/devkitpro/devkitARM/lib/gcc/arm-none-eabi/16.1.0/../../../../arm-none-eabi/lib/thumb/libg.a(libc_a-mlock.o)
 .bss.fake_heap_start
                0x03002580        0x4 /opt/devkitpro/devkitARM/lib/gcc/arm-none-eabi/16.1.0/../../../../arm-none-eabi/lib/thumb/libsysbase.a(libsysbase_libsysbase_a-malloc_vars.o)
                0x03002580                fake_heap_start
 .bss.fake_heap_end
                0x03002584        0x4 /opt/devkitpro/devkitARM/lib/gcc/arm-none-eabi/16.1.0/../../../../arm-none-eabi/lib/thumb/libsysbase.a(libsysbase_libsysbase_a-malloc_vars.o)
                0x03002584                fake_heap_end
 .bss.heap_start.0
                0x03002588        0x4 /opt/devkitpro/devkitARM/lib/gcc/arm-none-eabi/16.1.0/../../../../arm-none-eabi/lib/thumb/libsysbase.a(libsysbase_libsysbase_a-sbrk.o)
 *fill*         0x0300258c        0x4 
 .bss.__sf      0x03002590      0x168 /opt/devkitpro/devkitARM/lib/gcc/arm-none-eabi/16.1.0/../../../../arm-none-eabi/lib/thumb/libg.a(libc_a-findfp.o)
                0x03002590                __sf
 *(COMMON)
                0x030026f8                        . = ALIGN (0x4)
                0x030026f8                        __bss_end__ = ABSOLUTE (.)

.data           0x030026f8      0x888 load address 0x0804d40c
                0x030026f8                        __data_start__ = ABSOLUTE (.)
 *(.data*)
 .data          0x030026f8        0x4 main.o
 .data          0x030026fc        0x8 /opt/devkitpro/libtonc/lib/libtonc.a(tonc_core.o)
                0x030026fc                __qran_seed
                0x03002700                vid_page
 .data          0x03002704        0x8 /opt/devkitpro/libtonc/lib/libtonc.a(tonc_input.o)
                0x03002704                __key_rpt
 .data          0x0300270c        0x4 /opt/devkitpro/libtonc/lib/libtonc.a(tte_main.o)
                0x0300270c                gp_tte_context
 .data.__global_locale
                0x03002710      0x254 /opt/devkitpro/devkitARM/lib/gcc/arm-none-eabi/16.1.0/../../../../arm-none-eabi/lib/thumb/libg.a(libc_a-locale.o)
                0x03002710                __global_locale
 .data.__malloc_sbrk_base
                0x03002964        0x4 /opt/devkitpro/devkitARM/lib/gcc/arm-none-eabi/16.1.0/../../../../arm-none-eabi/lib/thumb/libg.a(libc_a-mallocr.o)
                0x03002964                __malloc_sbrk_base
 .data.__malloc_trim_threshold
                0x03002968        0x4 /opt/devkitpro/devkitARM/lib/gcc/arm-none-eabi/16.1.0/../../../../arm-none-eabi/lib/thumb/libg.a(libc_a-mallocr.o)
                0x03002968                __malloc_trim_threshold
 *fill*         0x0300296c        0x4 ff
 .data.__malloc_av_
                0x03002970      0x408 /opt/devkitpro/devkitARM/lib/gcc/arm-none-eabi/16.1.0/../../../../arm-none-eabi/lib/thumb/libg.a(libc_a-mallocr.o)
                0x03002970                __malloc_av_
 .data._impure_ptr
                0x03002d78        0x4 /opt/devkitpro/devkitARM/lib/gcc/arm-none-eabi/16.1.0/../../../../arm-none-eabi/lib/thumb/libg.a(libc_a-impure.o)
                0x03002d78                _impure_ptr
 *fill*         0x03002d7c        0x4 ff
 .data._impure_data
                0x03002d80      0x200 /opt/devkitpro/devkitARM/lib/gcc/arm-none-eabi/16.1.0/../../../../arm-none-eabi/lib/thumb/libg.a(libc_a-impure.o)
                0x03002d80                _impure_data
 *(.gnu.linkonce.d*)
                0x03002f80                        . = ALIGN (0x4)
                0x0804dc94                        __preinit_lma = (__data_lma + SIZEOF (.data))

.igot.plt       0x03002f80        0x0 load address 0x0804dc94
 .igot.plt      0x03002f80        0x0 /opt/devkitpro/devkitARM/lib/gcc/arm-none-eabi/16.1.0/../../../../arm-none-eabi/lib/thumb/gba_crt0.o

.preinit_array  0x03002f80        0x0 load address 0x0804dc94
                0x03002f80                        __preinit_array_start = ABSOLUTE (.)
 *(.preinit_array)
                0x03002f80                        __preinit_array_end = ABSOLUTE (.)
                0x0804dc94                        __init_lma = (__preinit_lma + SIZEOF (.preinit_array))

.init_array     0x03002f80        0x4 load address 0x0804dc94
                0x03002f80                        __init_array_start = ABSOLUTE (.)
 *(SORT_BY_NAME(.init_array.*))
 *(.init_array)
 .init_array    0x03002f80        0x4 /opt/devkitpro/devkitARM/lib/gcc/arm-none-eabi/16.1.0/thumb/crtbegin.o
                0x03002f84                        __init_array_end = ABSOLUTE (.)
                0x0804dc98                        __fini_lma = (__init_lma + SIZEOF (.init_array))

.fini_array     0x03002f84        0x4 load address 0x0804dc98
                0x03002f84                        __fini_array_start = ABSOLUTE (.)
 *(SORT_BY_NAME(.fini_array.*))
 *(.fini_array)
 .fini_array    0x03002f84        0x4 /opt/devkitpro/devkitARM/lib/gcc/arm-none-eabi/16.1.0/thumb/crtbegin.o
                0x03002f88                        __fini_array_end = ABSOLUTE (.)
                0x0804dc9c                        __jcr_lma = (__fini_lma + SIZEOF (.fini_array))

.jcr
 *(.jcr)
                0x03002f88                        __data_end__ = ABSOLUTE (.)
                0x0804dc9c                        __iwram_overlay_lma = (__jcr_lma + SIZEOF (.jcr))
                0x03002f88                        __iwram_overlay_start = .

.iwram0         0x03002f88        0x0 load address 0x0804dc9c
 *(.iwram0)
                0x03002f88                        . = ALIGN (0x4)
                0x0804dc9c                        PROVIDE (__load_start_iwram0 = LOADADDR (.iwram0))
                0x0804dc9c                        PROVIDE (__load_stop_iwram0 = (LOADADDR (.iwram0) + SIZEOF (.iwram0)))

.iwram1         0x03002f88        0x0
 *(.iwram1)
                0x03002f88                        . = ALIGN (0x4)
                [!provide]                        PROVIDE (__load_start_iwram1 = LOADADDR (.iwram1))
                [!provide]                        PROVIDE (__load_stop_iwram1 = (LOADADDR (.iwram1) + SIZEOF (.iwram1)))

.iwram2         0x03002f88        0x0
 *(.iwram2)
                0x03002f88                        . = ALIGN (0x4)
                [!provide]                        PROVIDE (__load_start_iwram2 = LOADADDR (.iwram2))
                [!provide]                        PROVIDE (__load_stop_iwram2 = (LOADADDR (.iwram2) + SIZEOF (.iwram2)))

.iwram3         0x03002f88        0x0
 *(.iwram3)
                0x03002f88                        . = ALIGN (0x4)
                [!provide]                        PROVIDE (__load_start_iwram3 = LOADADDR (.iwram3))
                [!provide]                        PROVIDE (__load_stop_iwram3 = (LOADADDR (.iwram3) + SIZEOF (.iwram3)))

.iwram4         0x03002f88        0x0
 *(.iwram4)
                0x03002f88                        . = ALIGN (0x4)
                [!provide]                        PROVIDE (__load_start_iwram4 = LOADADDR (.iwram4))
                [!provide]                        PROVIDE (__load_stop_iwram4 = (LOADADDR (.iwram4) + SIZEOF (.iwram4)))

.iwram5         0x03002f88        0x0
 *(.iwram5)
                0x03002f88                        . = ALIGN (0x4)
                [!provide]                        PROVIDE (__load_start_iwram5 = LOADADDR (.iwram5))
                [!provide]                        PROVIDE (__load_stop_iwram5 = (LOADADDR (.iwram5) + SIZEOF (.iwram5)))

.iwram6         0x03002f88        0x0
 *(.iwram6)
                0x03002f88                        . = ALIGN (0x4)
                [!provide]                        PROVIDE (__load_start_iwram6 = LOADADDR (.iwram6))
                [!provide]                        PROVIDE (__load_stop_iwram6 = (LOADADDR (.iwram6) + SIZEOF (.iwram6)))

.iwram7         0x03002f88        0x0
 *(.iwram7)
                0x03002f88                        . = ALIGN (0x4)
                [!provide]                        PROVIDE (__load_start_iwram7 = LOADADDR (.iwram7))
                [!provide]                        PROVIDE (__load_stop_iwram7 = (LOADADDR (.iwram7) + SIZEOF (.iwram7)))

.iwram8         0x03002f88        0x0
 *(.iwram8)
                0x03002f88                        . = ALIGN (0x4)
                [!provide]                        PROVIDE (__load_start_iwram8 = LOADADDR (.iwram8))
                [!provide]                        PROVIDE (__load_stop_iwram8 = (LOADADDR (.iwram8) + SIZEOF (.iwram8)))

.iwram9         0x03002f88        0x0
 *(.iwram9)
                0x03002f88                        . = ALIGN (0x4)
                [!provide]                        PROVIDE (__load_start_iwram9 = LOADADDR (.iwram9))
                [!provide]                        PROVIDE (__load_stop_iwram9 = (LOADADDR (.iwram9) + SIZEOF (.iwram9)))
                0x03002f88                        __iwram_overlay_end = .
                0x0804dc9c                        __ewram_lma = (__iwram_overlay_lma + (__iwram_overlay_end - __iwram_overlay_start))
                0x03002f88                        __iheap_start = .
                0x02000000                        __ewram_start = ORIGIN (ewram)

.ewram          0x02000000        0x0 load address 0x0804dc9c
 *(.ewram*)
                0x02000000                        . = ALIGN (0x4)
                0x02000000                        __ewram_end = ABSOLUTE (.)
                0x0804dc9c                        __pad_lma = (__ewram_lma + SIZEOF (.ewram))

.sbss           0x02000000        0x0
                0x02000000                        __sbss_start__ = ABSOLUTE (.)
 *(.sbss*)
                0x02000000                        . = ALIGN (0x4)
                0x02000000                        __sbss_end__ = ABSOLUTE (.)
                0x02000000                        __end__ = ABSOLUTE (.)
                0x02000000                        __eheap_start = ABSOLUTE (.)

.pad            0x02000000        0x8 load address 0x0804dc9c
                0x02000000        0x4 LONG 0x52416b64
                0x02000004        0x4 LONG 0x4d
                0x02000008                        . = ALIGN (0x4)
                0x0804dca4                        __rom_end__ = (__pad_lma + SIZEOF (.pad))

.rel.dyn        0x02000008        0x0 load address 0x0804dca4
 .rel.iplt      0x02000008        0x0 /opt/devkitpro/devkitARM/lib/gcc/arm-none-eabi/16.1.0/../../../../arm-none-eabi/lib/thumb/gba_crt0.o

.stab
 *(.stab)

.stabstr
 *(.stabstr)

.stab.excl
 *(.stab.excl)

.stab.exclstr
 *(.stab.exclstr)

.stab.index
 *(.stab.index)

.stab.indexstr
 *(.stab.indexstr)

.comment        0x00000000       0x3b
 *(.comment)
 .comment       0x00000000       0x3b /opt/devkitpro/devkitARM/lib/gcc/arm-none-eabi/16.1.0/thumb/crtbegin.o
                                 0x19 (size before relaxing)
 .comment       0x0000003b        0x0 main.o
                                 0x19 (size before relaxing)
 .comment       0x0000003b        0x0 /opt/devkitpro/libtonc/lib/libtonc.a(tonc_core.o)
                                 0x24 (size before relaxing)
 .comment       0x0000003b        0x0 /opt/devkitpro/libtonc/lib/libtonc.a(tonc_input.o)
                                 0x24 (size before relaxing)
 .comment       0x0000003b        0x0 /opt/devkitpro/libtonc/lib/libtonc.a(tonc_irq.o)
                                 0x24 (size before relaxing)
 .comment       0x0000003b        0x0 /opt/devkitpro/libtonc/lib/libtonc.a(tonc_oam.o)
                                 0x24 (size before relaxing)
 .comment       0x0000003b        0x0 /opt/devkitpro/libtonc/lib/libtonc.a(tonc_obj_affine.o)
                                 0x24 (size before relaxing)
 .comment       0x0000003b        0x0 /opt/devkitpro/libtonc/lib/libtonc.a(tte_init_se.o)
                                 0x24 (size before relaxing)
 .comment       0x0000003b        0x0 /opt/devkitpro/libtonc/lib/libtonc.a(tte_main.o)
                                 0x24 (size before relaxing)
 .comment       0x0000003b        0x0 /opt/devkitpro/libtonc/lib/libtonc.a(tonc_surface.o)
                                 0x24 (size before relaxing)
 .comment       0x0000003b        0x0 /opt/devkitpro/libtonc/lib/libtonc.a(se_drawg.o)
                                 0x24 (size before relaxing)
 .comment       0x0000003b        0x0 /opt/devkitpro/libtonc/lib/libtonc.a(tonc_sbmp16.o)
                                 0x24 (size before relaxing)
 .comment       0x0000003b        0x0 /opt/devkitpro/devkitARM/lib/gcc/arm-none-eabi/16.1.0/thumb/libgcc.a(_udivmoddi4.o)
                                 0x19 (size before relaxing)
 .comment       0x0000003b        0x0 /opt/devkitpro/devkitARM/lib/gcc/arm-none-eabi/16.1.0/thumb/crtend.o
                                 0x19 (size before relaxing)

.debug
 *(.debug)

.line
 *(.line)

.debug_srcinfo
 *(.debug_srcinfo)

.debug_sfnames
 *(.debug_sfnames)

.debug_aranges  0x00000000      0x168
 *(.debug_aranges)
 .debug_aranges
                0x00000000       0x28 main.o
 .debug_aranges
                0x00000028       0x20 /opt/devkitpro/devkitARM/lib/gcc/arm-none-eabi/16.1.0/thumb/libgcc.a(_divsi3.o)
 .debug_aranges
                0x00000048       0x20 /opt/devkitpro/devkitARM/lib/gcc/arm-none-eabi/16.1.0/thumb/libgcc.a(_dvmd_tls.o)
 .debug_aranges
                0x00000068       0x20 /opt/devkitpro/devkitARM/lib/gcc/arm-none-eabi/16.1.0/thumb/libgcc.a(_call_via_rX.o)
 .debug_aranges
                0x00000088       0x20 /opt/devkitpro/devkitARM/lib/gcc/arm-none-eabi/16.1.0/thumb/libgcc.a(_thumb1_case_uqi.o)
 .debug_aranges
                0x000000a8       0x20 /opt/devkitpro/devkitARM/lib/gcc/arm-none-eabi/16.1.0/thumb/libgcc.a(_thumb1_case_uhi.o)
 .debug_aranges
                0x000000c8       0x20 /opt/devkitpro/devkitARM/lib/gcc/arm-none-eabi/16.1.0/thumb/libgcc.a(_udivsi3.o)
 .debug_aranges
                0x000000e8       0x20 /opt/devkitpro/devkitARM/lib/gcc/arm-none-eabi/16.1.0/thumb/libgcc.a(_aeabi_uldivmod.o)
 .debug_aranges
                0x00000108       0x20 /opt/devkitpro/devkitARM/lib/gcc/arm-none-eabi/16.1.0/thumb/libgcc.a(_udivmoddi4.o)
 .debug_aranges
                0x00000128       0x20 /opt/devkitpro/devkitARM/lib/gcc/arm-none-eabi/16.1.0/thumb/libgcc.a(_clzdi2.o)
 .debug_aranges
                0x00000148       0x20 /opt/devkitpro/devkitARM/lib/gcc/arm-none-eabi/16.1.0/thumb/libgcc.a(_clzsi2.o)

.debug_pubnames
 *(.debug_pubnames)

.debug_info     0x00000000     0x5cc9
 *(.debug_info)
 .debug_info    0x00000000     0x56a5 main.o
 .debug_info    0x000056a5       0x3e /opt/devkitpro/devkitARM/lib/gcc/arm-none-eabi/16.1.0/thumb/libgcc.a(_divsi3.o)
 .debug_info    0x000056e3       0x3c /opt/devkitpro/devkitARM/lib/gcc/arm-none-eabi/16.1.0/thumb/libgcc.a(_dvmd_tls.o)
 .debug_info    0x0000571f       0xda /opt/devkitpro/devkitARM/lib/gcc/arm-none-eabi/16.1.0/thumb/libgcc.a(_call_via_rX.o)
 .debug_info    0x000057f9       0x31 /opt/devkitpro/devkitARM/lib/gcc/arm-none-eabi/16.1.0/thumb/libgcc.a(_thumb1_case_uqi.o)
 .debug_info    0x0000582a       0x31 /opt/devkitpro/devkitARM/lib/gcc/arm-none-eabi/16.1.0/thumb/libgcc.a(_thumb1_case_uhi.o)
 .debug_info    0x0000585b       0x3e /opt/devkitpro/devkitARM/lib/gcc/arm-none-eabi/16.1.0/thumb/libgcc.a(_udivsi3.o)
 .debug_info    0x00005899       0x24 /opt/devkitpro/devkitARM/lib/gcc/arm-none-eabi/16.1.0/thumb/libgcc.a(_aeabi_uldivmod.o)
 .debug_info    0x000058bd      0x3aa /opt/devkitpro/devkitARM/lib/gcc/arm-none-eabi/16.1.0/thumb/libgcc.a(_udivmoddi4.o)
 .debug_info    0x00005c67       0x31 /opt/devkitpro/devkitARM/lib/gcc/arm-none-eabi/16.1.0/thumb/libgcc.a(_clzdi2.o)
 .debug_info    0x00005c98       0x31 /opt/devkitpro/devkitARM/lib/gcc/arm-none-eabi/16.1.0/thumb/libgcc.a(_clzsi2.o)

.debug_abbrev   0x00000000      0x8f3
 *(.debug_abbrev)
 .debug_abbrev  0x00000000      0x67b main.o
 .debug_abbrev  0x0000067b       0x28 /opt/devkitpro/devkitARM/lib/gcc/arm-none-eabi/16.1.0/thumb/libgcc.a(_divsi3.o)
 .debug_abbrev  0x000006a3       0x26 /opt/devkitpro/devkitARM/lib/gcc/arm-none-eabi/16.1.0/thumb/libgcc.a(_dvmd_tls.o)
 .debug_abbrev  0x000006c9       0x28 /opt/devkitpro/devkitARM/lib/gcc/arm-none-eabi/16.1.0/thumb/libgcc.a(_call_via_rX.o)
 .debug_abbrev  0x000006f1       0x28 /opt/devkitpro/devkitARM/lib/gcc/arm-none-eabi/16.1.0/thumb/libgcc.a(_thumb1_case_uqi.o)
 .debug_abbrev  0x00000719       0x28 /opt/devkitpro/devkitARM/lib/gcc/arm-none-eabi/16.1.0/thumb/libgcc.a(_thumb1_case_uhi.o)
 .debug_abbrev  0x00000741       0x28 /opt/devkitpro/devkitARM/lib/gcc/arm-none-eabi/16.1.0/thumb/libgcc.a(_udivsi3.o)
 .debug_abbrev  0x00000769       0x14 /opt/devkitpro/devkitARM/lib/gcc/arm-none-eabi/16.1.0/thumb/libgcc.a(_aeabi_uldivmod.o)
 .debug_abbrev  0x0000077d      0x126 /opt/devkitpro/devkitARM/lib/gcc/arm-none-eabi/16.1.0/thumb/libgcc.a(_udivmoddi4.o)
 .debug_abbrev  0x000008a3       0x28 /opt/devkitpro/devkitARM/lib/gcc/arm-none-eabi/16.1.0/thumb/libgcc.a(_clzdi2.o)
 .debug_abbrev  0x000008cb       0x28 /opt/devkitpro/devkitARM/lib/gcc/arm-none-eabi/16.1.0/thumb/libgcc.a(_clzsi2.o)

.debug_line     0x00000000     0x4afa
 *(.debug_line)
 .debug_line    0x00000000     0x45f9 main.o
 .debug_line    0x000045f9       0x73 /opt/devkitpro/devkitARM/lib/gcc/arm-none-eabi/16.1.0/thumb/libgcc.a(_divsi3.o)
 .debug_line    0x0000466c       0x4a /opt/devkitpro/devkitARM/lib/gcc/arm-none-eabi/16.1.0/thumb/libgcc.a(_dvmd_tls.o)
 .debug_line    0x000046b6       0x58 /opt/devkitpro/devkitARM/lib/gcc/arm-none-eabi/16.1.0/thumb/libgcc.a(_call_via_rX.o)
 .debug_line    0x0000470e       0x52 /opt/devkitpro/devkitARM/lib/gcc/arm-none-eabi/16.1.0/thumb/libgcc.a(_thumb1_case_uqi.o)
 .debug_line    0x00004760       0x53 /opt/devkitpro/devkitARM/lib/gcc/arm-none-eabi/16.1.0/thumb/libgcc.a(_thumb1_case_uhi.o)
 .debug_line    0x000047b3       0x67 /opt/devkitpro/devkitARM/lib/gcc/arm-none-eabi/16.1.0/thumb/libgcc.a(_udivsi3.o)
 .debug_line    0x0000481a       0x4e /opt/devkitpro/devkitARM/lib/gcc/arm-none-eabi/16.1.0/thumb/libgcc.a(_aeabi_uldivmod.o)
 .debug_line    0x00004868      0x1e7 /opt/devkitpro/devkitARM/lib/gcc/arm-none-eabi/16.1.0/thumb/libgcc.a(_udivmoddi4.o)
 .debug_line    0x00004a4f       0x54 /opt/devkitpro/devkitARM/lib/gcc/arm-none-eabi/16.1.0/thumb/libgcc.a(_clzdi2.o)
 .debug_line    0x00004aa3       0x57 /opt/devkitpro/devkitARM/lib/gcc/arm-none-eabi/16.1.0/thumb/libgcc.a(_clzsi2.o)

.debug_frame    0x00000000      0x2e0
 *(.debug_frame)
 .debug_frame   0x00000000      0x238 main.o
 .debug_frame   0x00000238       0x20 /opt/devkitpro/devkitARM/lib/gcc/arm-none-eabi/16.1.0/thumb/libgcc.a(_divsi3.o)
 .debug_frame   0x00000258       0x20 /opt/devkitpro/devkitARM/lib/gcc/arm-none-eabi/16.1.0/thumb/libgcc.a(_udivsi3.o)
 .debug_frame   0x00000278       0x2c /opt/devkitpro/devkitARM/lib/gcc/arm-none-eabi/16.1.0/thumb/libgcc.a(_aeabi_uldivmod.o)
 .debug_frame   0x000002a4       0x3c /opt/devkitpro/devkitARM/lib/gcc/arm-none-eabi/16.1.0/thumb/libgcc.a(_udivmoddi4.o)

.debug_str      0x00000000     0x16d4
 *(.debug_str)
 .debug_str     0x00000000     0x16d4 main.o
                                0xfc1 (size before relaxing)
 .debug_str     0x000016d4        0x0 /opt/devkitpro/devkitARM/lib/gcc/arm-none-eabi/16.1.0/thumb/libgcc.a(_divsi3.o)
                                 0xf4 (size before relaxing)
 .debug_str     0x000016d4        0x0 /opt/devkitpro/devkitARM/lib/gcc/arm-none-eabi/16.1.0/thumb/libgcc.a(_dvmd_tls.o)
                                 0xf7 (size before relaxing)
 .debug_str     0x000016d4        0x0 /opt/devkitpro/devkitARM/lib/gcc/arm-none-eabi/16.1.0/thumb/libgcc.a(_call_via_rX.o)
                                0x19e (size before relaxing)
 .debug_str     0x000016d4        0x0 /opt/devkitpro/devkitARM/lib/gcc/arm-none-eabi/16.1.0/thumb/libgcc.a(_thumb1_case_uqi.o)
                                 0xf1 (size before relaxing)
 .debug_str     0x000016d4        0x0 /opt/devkitpro/devkitARM/lib/gcc/arm-none-eabi/16.1.0/thumb/libgcc.a(_thumb1_case_uhi.o)
                                 0xf1 (size before relaxing)
 .debug_str     0x000016d4        0x0 /opt/devkitpro/devkitARM/lib/gcc/arm-none-eabi/16.1.0/thumb/libgcc.a(_udivsi3.o)
                                 0xf6 (size before relaxing)
 .debug_str     0x000016d4        0x0 /opt/devkitpro/devkitARM/lib/gcc/arm-none-eabi/16.1.0/thumb/libgcc.a(_aeabi_uldivmod.o)
                                 0xd7 (size before relaxing)
 .debug_str     0x000016d4        0x0 /opt/devkitpro/devkitARM/lib/gcc/arm-none-eabi/16.1.0/thumb/libgcc.a(_udivmoddi4.o)
                                0x686 (size before relaxing)
 .debug_str     0x000016d4        0x0 /opt/devkitpro/devkitARM/lib/gcc/arm-none-eabi/16.1.0/thumb/libgcc.a(_clzdi2.o)
                                 0xe4 (size before relaxing)
 .debug_str     0x000016d4        0x0 /opt/devkitpro/devkitARM/lib/gcc/arm-none-eabi/16.1.0/thumb/libgcc.a(_clzsi2.o)
                                 0xe4 (size before relaxing)

.debug_loc
 *(.debug_loc)

.debug_macinfo
 *(.debug_macinfo)

.debug_weaknames
 *(.debug_weaknames)

.debug_funcnames
 *(.debug_funcnames)

.debug_typenames
 *(.debug_typenames)

.debug_varnames
 *(.debug_varnames)

.stack          0x00080000        0x0
                0x00080000                        _stack = .
 *(.stack)

.note.gnu.arm.ident
 *(.note.gnu.arm.ident)

.ARM.attributes
                0x00000000       0x2c
 *(.ARM.attributes)
 .ARM.attributes
                0x00000000       0x20 /opt/devkitpro/devkitARM/lib/gcc/arm-none-eabi/16.1.0/../../../../arm-none-eabi/lib/thumb/gba_crt0.o
 .ARM.attributes
                0x00000020       0x1c /opt/devkitpro/devkitARM/lib/gcc/arm-none-eabi/16.1.0/thumb/crti.o
 .ARM.attributes
                0x0000003c       0x2a /opt/devkitpro/devkitARM/lib/gcc/arm-none-eabi/16.1.0/thumb/crtbegin.o
 .ARM.attributes
                0x00000066       0x1a soundbank.bin.o
 .ARM.attributes
                0x00000080       0x2a main.o
 .ARM.attributes
                0x000000aa       0x1a bg_floor.o
 .ARM.attributes
                0x000000c4       0x1a bg_upgrade.o
 .ARM.attributes
                0x000000de       0x1a bullet.o
 .ARM.attributes
                0x000000f8       0x1a enemy_charger.o
 .ARM.attributes
                0x00000112       0x1a enemy_dino.o
 .ARM.attributes
                0x0000012c       0x1a enemy_egg.o
 .ARM.attributes
                0x00000146       0x1a enemy_green.o
 .ARM.attributes
                0x00000160       0x1a enemy_stationary.o
 .ARM.attributes
                0x0000017a       0x1a font.o
 .ARM.attributes
                0x00000194       0x1a game_over.o
 .ARM.attributes
                0x000001ae       0x1a hud.o
 .ARM.attributes
                0x000001c8       0x1a minogram_6x10.o
 .ARM.attributes
                0x000001e2       0x1a player.o
 .ARM.attributes
                0x000001fc       0x1a reticle.o
 .ARM.attributes
                0x00000216       0x1a title_banner.o
 .ARM.attributes
                0x00000230       0x1a /opt/devkitpro/libgba/lib/libmm.a(mm_effect.o)
 .ARM.attributes
                0x0000024a       0x1a /opt/devkitpro/libgba/lib/libmm.a(mm_mas_arm.o)
 .ARM.attributes
                0x00000264       0x1a /opt/devkitpro/libgba/lib/libmm.a(mm_mixer_gba.o)
 .ARM.attributes
                0x0000027e       0x1a /opt/devkitpro/libgba/lib/libmm.a(mm_init_default.o)
 .ARM.attributes
                0x00000298       0x1a /opt/devkitpro/libgba/lib/libmm.a(mm_main_gba.o)
 .ARM.attributes
                0x000002b2       0x1a /opt/devkitpro/libgba/lib/libmm.a(mm_mas.o)
 .ARM.attributes
                0x000002cc       0x1a /opt/devkitpro/libgba/lib/libmm.a(mm_main.o)
 .ARM.attributes
                0x000002e6       0x2a /opt/devkitpro/libtonc/lib/libtonc.a(tonc_core.o)
 .ARM.attributes
                0x00000310       0x2a /opt/devkitpro/libtonc/lib/libtonc.a(tonc_input.o)
 .ARM.attributes
                0x0000033a       0x2a /opt/devkitpro/libtonc/lib/libtonc.a(tonc_irq.o)
 .ARM.attributes
                0x00000364       0x2a /opt/devkitpro/libtonc/lib/libtonc.a(tonc_oam.o)
 .ARM.attributes
                0x0000038e       0x2a /opt/devkitpro/libtonc/lib/libtonc.a(tonc_obj_affine.o)
 .ARM.attributes
                0x000003b8       0x2a /opt/devkitpro/libtonc/lib/libtonc.a(tte_init_se.o)
 .ARM.attributes
                0x000003e2       0x2a /opt/devkitpro/libtonc/lib/libtonc.a(tte_main.o)
 .ARM.attributes
                0x0000040c       0x1a /opt/devkitpro/libtonc/lib/libtonc.a(sin_lut.o)
 .ARM.attributes
                0x00000426       0x1a /opt/devkitpro/libtonc/lib/libtonc.a(tonc_bios_ex.o)
 .ARM.attributes
                0x00000440       0x1a /opt/devkitpro/libtonc/lib/libtonc.a(tonc_bios.o)
 .ARM.attributes
                0x0000045a       0x1a /opt/devkitpro/libtonc/lib/libtonc.a(tonc_isr_master.o)
 .ARM.attributes
                0x00000474       0x1a /opt/devkitpro/libtonc/lib/libtonc.a(tonc_memcpy.o)
 .ARM.attributes
                0x0000048e       0x1a /opt/devkitpro/libtonc/lib/libtonc.a(tonc_memset.o)
 .ARM.attributes
                0x000004a8       0x1a /opt/devkitpro/libtonc/lib/libtonc.a(sys8.o)
 .ARM.attributes
                0x000004c2       0x2a /opt/devkitpro/libtonc/lib/libtonc.a(tonc_surface.o)
 .ARM.attributes
                0x000004ec       0x2a /opt/devkitpro/libtonc/lib/libtonc.a(se_drawg.o)
 .ARM.attributes
                0x00000516       0x2a /opt/devkitpro/libtonc/lib/libtonc.a(tonc_sbmp16.o)
 .ARM.attributes
                0x00000540       0x1c /opt/devkitpro/devkitARM/lib/gcc/arm-none-eabi/16.1.0/thumb/libgcc.a(_divsi3.o)
 .ARM.attributes
                0x0000055c       0x1c /opt/devkitpro/devkitARM/lib/gcc/arm-none-eabi/16.1.0/thumb/libgcc.a(_dvmd_tls.o)
 .ARM.attributes
                0x00000578       0x1c /opt/devkitpro/devkitARM/lib/gcc/arm-none-eabi/16.1.0/thumb/libgcc.a(_call_via_rX.o)
 .ARM.attributes
                0x00000594       0x1c /opt/devkitpro/devkitARM/lib/gcc/arm-none-eabi/16.1.0/thumb/libgcc.a(_sync_none.o)
 .ARM.attributes
                0x000005b0       0x2a /opt/devkitpro/devkitARM/lib/gcc/arm-none-eabi/16.1.0/../../../../arm-none-eabi/lib/thumb/libg.a(libc_a-siprintf.o)
 .ARM.attributes
                0x000005da       0x2a /opt/devkitpro/devkitARM/lib/gcc/arm-none-eabi/16.1.0/../../../../arm-none-eabi/lib/thumb/libg.a(libc_a-memset.o)
 .ARM.attributes
                0x00000604       0x2a /opt/devkitpro/devkitARM/lib/gcc/arm-none-eabi/16.1.0/../../../../arm-none-eabi/lib/thumb/libg.a(libc_a-strtol.o)
 .ARM.attributes
                0x0000062e       0x2a /opt/devkitpro/devkitARM/lib/gcc/arm-none-eabi/16.1.0/../../../../arm-none-eabi/lib/thumb/libg.a(libc_a-init.o)
 .ARM.attributes
                0x00000658       0x2a /opt/devkitpro/devkitARM/lib/gcc/arm-none-eabi/16.1.0/../../../../arm-none-eabi/lib/thumb/libg.a(libc_a-malloc.o)
 .ARM.attributes
                0x00000682       0x2a /opt/devkitpro/devkitARM/lib/gcc/arm-none-eabi/16.1.0/../../../../arm-none-eabi/lib/thumb/libg.a(libc_a-memmove.o)
 .ARM.attributes
                0x000006ac       0x2a /opt/devkitpro/devkitARM/lib/gcc/arm-none-eabi/16.1.0/../../../../arm-none-eabi/lib/thumb/libg.a(libc_a-ctype_.o)
 .ARM.attributes
                0x000006d6       0x2a /opt/devkitpro/devkitARM/lib/gcc/arm-none-eabi/16.1.0/../../../../arm-none-eabi/lib/thumb/libg.a(libc_a-svfiprintf.o)
 .ARM.attributes
                0x00000700       0x2a /opt/devkitpro/devkitARM/lib/gcc/arm-none-eabi/16.1.0/../../../../arm-none-eabi/lib/thumb/libg.a(libc_a-ssprint_r.o)
 .ARM.attributes
                0x0000072a       0x2a /opt/devkitpro/devkitARM/lib/gcc/arm-none-eabi/16.1.0/../../../../arm-none-eabi/lib/thumb/libg.a(libc_a-strlen-stub.o)
 .ARM.attributes
                0x00000754       0x2a /opt/devkitpro/devkitARM/lib/gcc/arm-none-eabi/16.1.0/../../../../arm-none-eabi/lib/thumb/libg.a(libc_a-malignr.o)
 .ARM.attributes
                0x0000077e       0x2a /opt/devkitpro/devkitARM/lib/gcc/arm-none-eabi/16.1.0/../../../../arm-none-eabi/lib/thumb/libg.a(libc_a-errno.o)
 .ARM.attributes
                0x000007a8       0x2a /opt/devkitpro/devkitARM/lib/gcc/arm-none-eabi/16.1.0/../../../../arm-none-eabi/lib/thumb/libg.a(libc_a-locale.o)
 .ARM.attributes
                0x000007d2       0x2a /opt/devkitpro/devkitARM/lib/gcc/arm-none-eabi/16.1.0/../../../../arm-none-eabi/lib/thumb/libg.a(libc_a-mallocr.o)
 .ARM.attributes
                0x000007fc       0x1a /opt/devkitpro/devkitARM/lib/gcc/arm-none-eabi/16.1.0/../../../../arm-none-eabi/lib/thumb/libg.a(libc_a-strcmp.o)
 .ARM.attributes
                0x00000816       0x2a /opt/devkitpro/devkitARM/lib/gcc/arm-none-eabi/16.1.0/../../../../arm-none-eabi/lib/thumb/libg.a(libc_a-freer.o)
 .ARM.attributes
                0x00000840       0x2a /opt/devkitpro/devkitARM/lib/gcc/arm-none-eabi/16.1.0/../../../../arm-none-eabi/lib/thumb/libg.a(libc_a-strncpy.o)
 .ARM.attributes
                0x0000086a       0x2a /opt/devkitpro/devkitARM/lib/gcc/arm-none-eabi/16.1.0/../../../../arm-none-eabi/lib/thumb/libg.a(libc_a-memchr-stub.o)
 .ARM.attributes
                0x00000894       0x2a /opt/devkitpro/devkitARM/lib/gcc/arm-none-eabi/16.1.0/../../../../arm-none-eabi/lib/thumb/libg.a(libc_a-wcsrtombs.o)
 .ARM.attributes
                0x000008be       0x2a /opt/devkitpro/devkitARM/lib/gcc/arm-none-eabi/16.1.0/../../../../arm-none-eabi/lib/thumb/libg.a(libc_a-getenv_r.o)
 .ARM.attributes
                0x000008e8       0x2a /opt/devkitpro/devkitARM/lib/gcc/arm-none-eabi/16.1.0/../../../../arm-none-eabi/lib/thumb/libg.a(libc_a-localeconv.o)
 .ARM.attributes
                0x00000912       0x2a /opt/devkitpro/devkitARM/lib/gcc/arm-none-eabi/16.1.0/../../../../arm-none-eabi/lib/thumb/libg.a(libc_a-mlock.o)
 .ARM.attributes
                0x0000093c       0x2a /opt/devkitpro/devkitARM/lib/gcc/arm-none-eabi/16.1.0/../../../../arm-none-eabi/lib/thumb/libg.a(libc_a-ssputs_r.o)
 .ARM.attributes
                0x00000966       0x2a /opt/devkitpro/devkitARM/lib/gcc/arm-none-eabi/16.1.0/../../../../arm-none-eabi/lib/thumb/libg.a(libc_a-wctomb_r.o)
 .ARM.attributes
                0x00000990       0x2a /opt/devkitpro/devkitARM/lib/gcc/arm-none-eabi/16.1.0/../../../../arm-none-eabi/lib/thumb/libg.a(libc_a-strncmp.o)
 .ARM.attributes
                0x000009ba       0x2a /opt/devkitpro/devkitARM/lib/gcc/arm-none-eabi/16.1.0/../../../../arm-none-eabi/lib/thumb/libg.a(libc_a-wcsnrtombs.o)
 .ARM.attributes
                0x000009e4       0x2a /opt/devkitpro/devkitARM/lib/gcc/arm-none-eabi/16.1.0/../../../../arm-none-eabi/lib/thumb/libg.a(libc_a-strcat.o)
 .ARM.attributes
                0x00000a0e       0x2a /opt/devkitpro/devkitARM/lib/gcc/arm-none-eabi/16.1.0/../../../../arm-none-eabi/lib/thumb/libg.a(libc_a-memcpy-stub.o)
 .ARM.attributes
                0x00000a38       0x2a /opt/devkitpro/devkitARM/lib/gcc/arm-none-eabi/16.1.0/../../../../arm-none-eabi/lib/thumb/libg.a(libc_a-envlock.o)
 .ARM.attributes
                0x00000a62       0x2a /opt/devkitpro/devkitARM/lib/gcc/arm-none-eabi/16.1.0/../../../../arm-none-eabi/lib/thumb/libg.a(libc_a-strlcpy.o)
 .ARM.attributes
                0x00000a8c       0x2a /opt/devkitpro/devkitARM/lib/gcc/arm-none-eabi/16.1.0/../../../../arm-none-eabi/lib/thumb/libg.a(libc_a-strcasecmp.o)
 .ARM.attributes
                0x00000ab6       0x2a /opt/devkitpro/devkitARM/lib/gcc/arm-none-eabi/16.1.0/../../../../arm-none-eabi/lib/thumb/libg.a(libc_a-wcrtomb.o)
 .ARM.attributes
                0x00000ae0       0x2a /opt/devkitpro/devkitARM/lib/gcc/arm-none-eabi/16.1.0/../../../../arm-none-eabi/lib/thumb/libg.a(libc_a-mbtowc_r.o)
 .ARM.attributes
                0x00000b0a       0x2a /opt/devkitpro/devkitARM/lib/gcc/arm-none-eabi/16.1.0/../../../../arm-none-eabi/lib/thumb/libg.a(libc_a-strncasecmp.o)
 .ARM.attributes
                0x00000b34       0x2a /opt/devkitpro/devkitARM/lib/gcc/arm-none-eabi/16.1.0/../../../../arm-none-eabi/lib/thumb/libg.a(libc_a-strchr.o)
 .ARM.attributes
                0x00000b5e       0x2a /opt/devkitpro/devkitARM/lib/gcc/arm-none-eabi/16.1.0/../../../../arm-none-eabi/lib/thumb/libg.a(libc_a-environ.o)
 .ARM.attributes
                0x00000b88       0x2a /opt/devkitpro/devkitARM/lib/gcc/arm-none-eabi/16.1.0/../../../../arm-none-eabi/lib/thumb/libg.a(libc_a-strcpy.o)
 .ARM.attributes
                0x00000bb2       0x2a /opt/devkitpro/devkitARM/lib/gcc/arm-none-eabi/16.1.0/../../../../arm-none-eabi/lib/thumb/libg.a(libc_a-reallocr.o)
 .ARM.attributes
                0x00000bdc       0x2a /opt/devkitpro/devkitARM/lib/gcc/arm-none-eabi/16.1.0/../../../../arm-none-eabi/lib/thumb/libsysbase.a(libsysbase_libsysbase_a-getreent.o)
 .ARM.attributes
                0x00000c06       0x2a /opt/devkitpro/devkitARM/lib/gcc/arm-none-eabi/16.1.0/../../../../arm-none-eabi/lib/thumb/libsysbase.a(libsysbase_libsysbase_a-malloc_vars.o)
 .ARM.attributes
                0x00000c30       0x2a /opt/devkitpro/devkitARM/lib/gcc/arm-none-eabi/16.1.0/../../../../arm-none-eabi/lib/thumb/libsysbase.a(libsysbase_libsysbase_a-sbrk.o)
 .ARM.attributes
                0x00000c5a       0x2a /opt/devkitpro/devkitARM/lib/gcc/arm-none-eabi/16.1.0/../../../../arm-none-eabi/lib/thumb/libsysbase.a(libsysbase_libsysbase_a-syscall_support.o)
 .ARM.attributes
                0x00000c84       0x2a /opt/devkitpro/devkitARM/lib/gcc/arm-none-eabi/16.1.0/../../../../arm-none-eabi/lib/thumb/libsysbase.a(libsysbase_libsysbase_a-clocks.o)
 .ARM.attributes
                0x00000cae       0x1c /opt/devkitpro/devkitARM/lib/gcc/arm-none-eabi/16.1.0/thumb/libgcc.a(_thumb1_case_uqi.o)
 .ARM.attributes
                0x00000cca       0x1c /opt/devkitpro/devkitARM/lib/gcc/arm-none-eabi/16.1.0/thumb/libgcc.a(_thumb1_case_uhi.o)
 .ARM.attributes
                0x00000ce6       0x1c /opt/devkitpro/devkitARM/lib/gcc/arm-none-eabi/16.1.0/thumb/libgcc.a(_udivsi3.o)
 .ARM.attributes
                0x00000d02       0x1c /opt/devkitpro/devkitARM/lib/gcc/arm-none-eabi/16.1.0/thumb/libgcc.a(_aeabi_uldivmod.o)
 .ARM.attributes
                0x00000d1e       0x2a /opt/devkitpro/devkitARM/lib/gcc/arm-none-eabi/16.1.0/thumb/libgcc.a(_muldi3.o)
 .ARM.attributes
                0x00000d48       0x2a /opt/devkitpro/devkitARM/lib/gcc/arm-none-eabi/16.1.0/thumb/libgcc.a(_udivmoddi4.o)
 .ARM.attributes
                0x00000d72       0x1c /opt/devkitpro/devkitARM/lib/gcc/arm-none-eabi/16.1.0/thumb/libgcc.a(_clzdi2.o)
 .ARM.attributes
                0x00000d8e       0x1c /opt/devkitpro/devkitARM/lib/gcc/arm-none-eabi/16.1.0/thumb/libgcc.a(_clzsi2.o)
 .ARM.attributes
                0x00000daa       0x2a /opt/devkitpro/devkitARM/lib/gcc/arm-none-eabi/16.1.0/../../../../arm-none-eabi/lib/thumb/libg.a(libc_a-impure.o)
 .ARM.attributes
                0x00000dd4       0x2a /opt/devkitpro/devkitARM/lib/gcc/arm-none-eabi/16.1.0/../../../../arm-none-eabi/lib/thumb/libg.a(libc_a-findfp.o)
 .ARM.attributes
                0x00000dfe       0x2a /opt/devkitpro/devkitARM/lib/gcc/arm-none-eabi/16.1.0/../../../../arm-none-eabi/lib/thumb/libg.a(libc_a-stdio.o)
 .ARM.attributes
                0x00000e28       0x2a /opt/devkitpro/devkitARM/lib/gcc/arm-none-eabi/16.1.0/../../../../arm-none-eabi/lib/thumb/libg.a(libc_a-fclose.o)
 .ARM.attributes
                0x00000e52       0x2a /opt/devkitpro/devkitARM/lib/gcc/arm-none-eabi/16.1.0/../../../../arm-none-eabi/lib/thumb/libg.a(libc_a-fwalk.o)
 .ARM.attributes
                0x00000e7c       0x2a /opt/devkitpro/devkitARM/lib/gcc/arm-none-eabi/16.1.0/../../../../arm-none-eabi/lib/thumb/libg.a(libc_a-fflush.o)
 .ARM.attributes
                0x00000ea6       0x2a /opt/devkitpro/devkitARM/lib/gcc/arm-none-eabi/16.1.0/../../../../arm-none-eabi/lib/thumb/libsysbase.a(libsysbase_libsysbase_a-handle_manager.o)
 .ARM.attributes
                0x00000ed0       0x2a /opt/devkitpro/devkitARM/lib/gcc/arm-none-eabi/16.1.0/../../../../arm-none-eabi/lib/thumb/libsysbase.a(libsysbase_libsysbase_a-iosupport.o)
 .ARM.attributes
                0x00000efa       0x2a /opt/devkitpro/devkitARM/lib/gcc/arm-none-eabi/16.1.0/../../../../arm-none-eabi/lib/thumb/libsysbase.a(libsysbase_libsysbase_a-lseek.o)
 .ARM.attributes
                0x00000f24       0x2a /opt/devkitpro/devkitARM/lib/gcc/arm-none-eabi/16.1.0/../../../../arm-none-eabi/lib/thumb/libsysbase.a(libsysbase_libsysbase_a-read.o)
 .ARM.attributes
                0x00000f4e       0x2a /opt/devkitpro/devkitARM/lib/gcc/arm-none-eabi/16.1.0/../../../../arm-none-eabi/lib/thumb/libsysbase.a(libsysbase_libsysbase_a-write.o)
 .ARM.attributes
                0x00000f78       0x2a /opt/devkitpro/devkitARM/lib/gcc/arm-none-eabi/16.1.0/thumb/crtend.o
 .ARM.attributes
                0x00000fa2       0x1c /opt/devkitpro/devkitARM/lib/gcc/arm-none-eabi/16.1.0/thumb/crtn.o

/DISCARD/
 *(.note.GNU-stack)
LOAD /opt/devkitpro/devkitARM/lib/gcc/arm-none-eabi/16.1.0/../../../../arm-none-eabi/lib/thumb/gba_crt0.o
LOAD /opt/devkitpro/devkitARM/lib/gcc/arm-none-eabi/16.1.0/thumb/crti.o
LOAD /opt/devkitpro/devkitARM/lib/gcc/arm-none-eabi/16.1.0/thumb/crtbegin.o
LOAD soundbank.bin.o
LOAD main.o
LOAD bg_floor.o
LOAD bg_upgrade.o
LOAD bullet.o
LOAD enemy_charger.o
LOAD enemy_dino.o
LOAD enemy_egg.o
LOAD enemy_green.o
LOAD enemy_stationary.o
LOAD font.o
LOAD game_over.o
LOAD hud.o
LOAD minogram_6x10.o
LOAD player.o
LOAD reticle.o
LOAD title_banner.o
LOAD /opt/devkitpro/libgba/lib/libmm.a
LOAD /opt/devkitpro/libtonc/lib/libtonc.a
START GROUP
LOAD /opt/devkitpro/devkitARM/lib/gcc/arm-none-eabi/16.1.0/thumb/libgcc.a
LOAD /opt/devkitpro/devkitARM/lib/gcc/arm-none-eabi/16.1.0/../../../../arm-none-eabi/lib/thumb/libg.a
LOAD /opt/devkitpro/devkitARM/lib/gcc/arm-none-eabi/16.1.0/../../../../arm-none-eabi/lib/thumb/libc.a
LOAD /opt/devkitpro/devkitARM/lib/gcc/arm-none-eabi/16.1.0/../../../../arm-none-eabi/lib/thumb/libsysbase.a
END GROUP
LOAD /opt/devkitpro/devkitARM/lib/gcc/arm-none-eabi/16.1.0/thumb/crtend.o
LOAD /opt/devkitpro/devkitARM/lib/gcc/arm-none-eabi/16.1.0/thumb/crtn.o
OUTPUT(/mnt/Luigi/Code/GBA/tonc/gba-jam-2026/let-it-recoil.elf elf32-littlearm)
LOAD linker stubs

.debug_loclists
                0x00000000     0x3508
 .debug_loclists
                0x00000000     0x325f main.o
 .debug_loclists
                0x0000325f      0x2a9 /opt/devkitpro/devkitARM/lib/gcc/arm-none-eabi/16.1.0/thumb/libgcc.a(_udivmoddi4.o)

.debug_rnglists
                0x00000000      0xba2
 .debug_rnglists
                0x00000000      0xb8e main.o
 .debug_rnglists
                0x00000b8e       0x14 /opt/devkitpro/devkitARM/lib/gcc/arm-none-eabi/16.1.0/thumb/libgcc.a(_udivmoddi4.o)

.debug_line_str
                0x00000000       0xd5
 .debug_line_str
                0x00000000       0xd5 /opt/devkitpro/devkitARM/lib/gcc/arm-none-eabi/16.1.0/thumb/libgcc.a(_divsi3.o)
                                 0xcd (size before relaxing)
 .debug_line_str
                0x000000d5        0x0 /opt/devkitpro/devkitARM/lib/gcc/arm-none-eabi/16.1.0/thumb/libgcc.a(_dvmd_tls.o)
                                 0xcd (size before relaxing)
 .debug_line_str
                0x000000d5        0x0 /opt/devkitpro/devkitARM/lib/gcc/arm-none-eabi/16.1.0/thumb/libgcc.a(_call_via_rX.o)
                                 0xcd (size before relaxing)
 .debug_line_str
                0x000000d5        0x0 /opt/devkitpro/devkitARM/lib/gcc/arm-none-eabi/16.1.0/thumb/libgcc.a(_thumb1_case_uqi.o)
                                 0xcd (size before relaxing)
 .debug_line_str
                0x000000d5        0x0 /opt/devkitpro/devkitARM/lib/gcc/arm-none-eabi/16.1.0/thumb/libgcc.a(_thumb1_case_uhi.o)
                                 0xcd (size before relaxing)
 .debug_line_str
                0x000000d5        0x0 /opt/devkitpro/devkitARM/lib/gcc/arm-none-eabi/16.1.0/thumb/libgcc.a(_udivsi3.o)
                                 0xcd (size before relaxing)
 .debug_line_str
                0x000000d5        0x0 /opt/devkitpro/devkitARM/lib/gcc/arm-none-eabi/16.1.0/thumb/libgcc.a(_aeabi_uldivmod.o)
                                 0xc9 (size before relaxing)
 .debug_line_str
                0x000000d5        0x0 /opt/devkitpro/devkitARM/lib/gcc/arm-none-eabi/16.1.0/thumb/libgcc.a(_clzdi2.o)
                                 0xcd (size before relaxing)
 .debug_line_str
                0x000000d5        0x0 /opt/devkitpro/devkitARM/lib/gcc/arm-none-eabi/16.1.0/thumb/libgcc.a(_clzsi2.o)
                                 0xcd (size before relaxing)
